--
-- dbms_lock.sql
--
-- tests for DBMS_LOCK
--
call dbms_lock.sleep(1);
create table handle(h text);
--
-- test DBMS_LOCK.S
--
begin;
declare
 v_lockname varchar2(10) = 'LOCKS';
 v_handle text;
 v_rc int;
begin
 dbms_lock.allocate_unique(v_lockname, v_handle);
 v_rc := dbms_lock.request(v_handle, dbms_lock.s_mode, 0);  
 raise notice 'request rc=%', v_rc;
 assert v_rc = 0, format('DBMS_LOCK.request failed: rc=%s', v_rc);
 insert into handle values(v_handle);
end;
/
NOTICE:  request rc=0
do
$$
declare
 v_lockmode text;
begin
 select mode into v_lockmode from pg_locks where pid = pg_backend_pid() and locktype ='advisory' and mode = 'ShareLock';
  if not found then
  v_lockmode := 'not found';
 end if;
 raise notice 'mode=%', v_lockmode;
end
$$;
NOTICE:  mode=ShareLock
--
declare
 v_rc int;
 v_handle text;
begin
 select h into v_handle from handle;
 v_rc := dbms_lock.release(v_handle); 
 raise notice 'release rc=%', v_rc;
 assert v_rc = 0, format('DBMS_LOCK.release failed: rc=%s', v_rc);
 delete from handle;
end;
/
NOTICE:  release rc=0
do
$$
declare
 v_lockmode text;
begin
 select mode into v_lockmode from pg_locks where pid = pg_backend_pid() and locktype ='advisory' and mode = 'ShareLock';
 if not found then
  v_lockmode := 'not found';
 end if;
 raise notice 'mode=%', v_lockmode;
end
$$;
NOTICE:  mode=not found
--
commit;
--
-- test DBMS_LOCK.X
--
begin;
declare
 v_lockname varchar2(10) = 'LOCKX';
 v_handle text;
 v_rc int;
begin
 dbms_lock.allocate_unique(v_lockname, v_handle);
 v_rc := dbms_lock.request(v_handle, dbms_lock.x_mode, 0);  
 raise notice 'request rc=%', v_rc;
 assert v_rc = 0, format('DBMS_LOCK.request failed: rc=%s', v_rc);
 insert into handle values(v_handle);
end;
/
NOTICE:  request rc=0
do
$$
declare
 v_lockmode text;
begin
 select mode into v_lockmode from pg_locks where pid = pg_backend_pid() and locktype='advisory' and mode = 'ExclusiveLock';
 if not found then
  v_lockmode := 'not found';
 end if;
 raise notice 'mode=%', v_lockmode;
end
$$;
NOTICE:  mode=ExclusiveLock
--
declare
 v_rc int;
 v_handle text;
begin
 select h into v_handle from handle;
 v_rc := dbms_lock.release(v_handle); 
 raise notice 'release rc=%', v_rc;
 assert v_rc = 0, format('DBMS_LOCK.release failed: rc=%s', v_rc);
 delete from handle;
end;
/
NOTICE:  release rc=0
do
$$
declare
 v_lockmode text ;
begin
 select mode into v_lockmode from pg_locks where pid = pg_backend_pid() and locktype = 'advisory' and mode = 'ExclusiveLock';
 if not found then
  v_lockmode := 'not found';
 end if;
 raise notice 'mode=%', v_lockmode;
end
$$;
NOTICE:  mode=not found
--
-- re-requesting a lock already owned by this session must return 4
-- (already_owned) and must not leak an advisory lock
--
declare
 v_handle text;
 v_rc int;
 v_n int;
begin
 dbms_lock.allocate_unique('REENTRANT', v_handle);
 v_rc := dbms_lock.request(v_handle, dbms_lock.x_mode, 0);
 assert v_rc = 0, format('first request rc=%s', v_rc);
 v_rc := dbms_lock.request(v_handle, dbms_lock.x_mode, 0);
 raise notice 're-request rc=%', v_rc;
 assert v_rc = 4, format('re-request must return 4 (already_owned), got %s', v_rc);
 v_rc := dbms_lock.release(v_handle);
 assert v_rc = 0, format('release rc=%s', v_rc);
 select count(*) into v_n from pg_locks where locktype = 'advisory' and pid = pg_backend_pid();
 assert v_n = 0, format('advisory lock leaked: %s', v_n);
end;
/
NOTICE:  re-request rc=4
--
-- dbms_lock.sleep must reject NaN instead of returning silently
--
do
$$
begin
 begin
  dbms_lock.sleep('NaN'::float8);
  raise exception 'dbms_lock.sleep(NaN) should have raised';
 exception when others then
  raise notice 'sleep(NaN) rejected';
 end;
end
$$;
NOTICE:  sleep(NaN) rejected
commit;
