--
-- tests for utl_recomp package
--
-- create a test schema with routines and a view to recompile
CREATE SCHEMA rc_test;
CREATE FUNCTION rc_test.incr(a int) RETURN int AS $$
BEGIN
    RETURN a + 1;
END;
$$ LANGUAGE plisql;
CREATE FUNCTION rc_test.sqr(a int) RETURN int AS $$
    SELECT a * a;
$$ LANGUAGE sql;
CREATE VIEW rc_test.v1 AS SELECT rc_test.incr(1) AS x;
-- 1. RECOMP_SERIAL on an explicit schema recompiles routines and views
CALL UTL_RECOMP.RECOMP_SERIAL('rc_test');
-- objects are still usable after recompile
SELECT rc_test.incr(41) AS incr_result;
SELECT rc_test.sqr(7) AS sqr_result;
SELECT * FROM rc_test.v1;
-- 2. RECOMP_SCHEMA (same effect)
CALL UTL_RECOMP.RECOMP_SCHEMA('rc_test');
-- 3. RECOMP_PARALLEL with an explicit thread count
CALL UTL_RECOMP.RECOMP_PARALLEL(2, 'rc_test');
-- 4. NULL schema means the current schema
CALL UTL_RECOMP.RECOMP_SERIAL();
-- 5. flags argument is accepted (and ignored)
CALL UTL_RECOMP.RECOMP_SERIAL('rc_test', 1);
CALL UTL_RECOMP.RECOMP_SCHEMA('rc_test', 42);
-- 6. a dependency-broken routine is reported as a warning and does not
--    stop the other objects from being recompiled
CREATE FUNCTION rc_test.helper() RETURN int AS $$
    SELECT 2;
$$ LANGUAGE SQL;
CREATE FUNCTION rc_test.uses_helper() RETURN int AS $$
    SELECT rc_test.helper();
$$ LANGUAGE SQL;
DROP FUNCTION rc_test.helper();
CALL UTL_RECOMP.RECOMP_SERIAL('rc_test');
SELECT rc_test.incr(1) AS still_ok;
-- clean up before the error cases below
DROP SCHEMA rc_test CASCADE;
-- 7. threads must be positive
CALL UTL_RECOMP.RECOMP_PARALLEL(0, 'rc_test');
-- 8. an invalid schema is rejected
CALL UTL_RECOMP.RECOMP_SERIAL('no_such_schema_xyz');
NOTICE:  UTL_RECOMP: recompiled 3 objects in schema "rc_test" (0 failed)
 incr_result 
-------------
          42
(1 row)

NOTICE:  UTL_RECOMP: recompiled 3 objects in schema "rc_test" (0 failed)
 sqr_result 
------------
         49
(1 row)

NOTICE:  UTL_RECOMP: recompiled 3 objects in schema "rc_test" (0 failed)
 x 
---
 2
(1 row)

NOTICE:  UTL_RECOMP: recompiled 0 objects in schema "public" (0 failed)
NOTICE:  UTL_RECOMP: recompiled 3 objects in schema "rc_test" (0 failed)
NOTICE:  UTL_RECOMP: recompiled 3 objects in schema "rc_test" (0 failed)
WARNING:  UTL_RECOMP: could not recompile rc_test.uses_helper(): function rc_test.helper() does not exist
NOTICE:  UTL_RECOMP: recompiled 3 objects in schema "rc_test" (1 failed)
NOTICE:  drop cascades to 4 other objects
DETAIL:  drop cascades to function rc_test.incr(pg_catalog.int4)
drop cascades to function rc_test.sqr(pg_catalog.int4)
drop cascades to view rc_test.v1
drop cascades to function rc_test.uses_helper()
 still_ok 
----------
        2
(1 row)

ERROR:  UTL_RECOMP: threads must be a positive integer
CONTEXT:  PL/iSQL function sys.utl_recomp.recomp_parallel line 65 at RAISE
